{"section_id":3,"page_id":2,"layout":"DE_FieldDiv_with_subjext","description":"Beschreibung des Formularsâ€¦","fields":{"field":[{"@attributes":{"id":7},"position":1,"title":"Ihre Nachricht","type":"heading","required":0,"value":{},"extra":"\u003Cdiv class=\"w3-padding-0 w3-topbar w3-bottombar w3-large\"\u003E{TITLE}{FIELD}\u003C/div\u003E"},{"@attributes":{"id":8},"position":2,"title":"Name","type":"textfield","required":0,"value":{},"extra":{}},{"@attributes":{"id":11},"position":3,"title":"E-Mail Adresse","type":"email","required":1,"value":{},"extra":{}},{"@attributes":{"id":9},"position":4,"title":"Vorname","type":"textfield","required":0,"value":{},"extra":0},{"@attributes":{"id":10},"position":5,"title":"Telefon","type":"textfield","required":0,"value":{},"extra":{}},{"@attributes":{"id":15},"position":6,"title":"Auswahl","type":"select","required":0,"value":"Teil 1,Teil 2,Teil 3","extra":"2,"},{"@attributes":{"id":14},"position":7,"title":"Betreff","type":"subject","required":0,"value":{},"extra":{}},{"@attributes":{"id":12},"position":8,"title":"Ihre Nachricht  an uns!","type":"textarea","required":0,"value":{},"extra":{}}]}}