{"section_id":11,"page_id":11,"layout":"Field_Div_Simple","description":"Description of the field-form…","fields":{"field":[{"@attributes":{"id":556},"position":1,"title":"Ihre Nachricht","type":"heading","required":0,"value":{},"extra":"\u003Cdiv class=\"w3-padding-0 w3-topbar w3-bottombar w3-large\"\u003E{TITLE}{FIELD}\u003C/div\u003E","active":1},{"@attributes":{"id":557},"position":2,"title":"Name","type":"textfield","required":0,"value":{},"extra":{},"active":1},{"@attributes":{"id":558},"position":3,"title":"Vorname","type":"textfield","required":0,"value":{},"extra":0,"active":1},{"@attributes":{"id":559},"position":4,"title":"Telefon","type":"textfield","required":0,"value":{},"extra":{},"active":1},{"@attributes":{"id":560},"position":5,"title":"E-Mail Adresse","type":"email","required":1,"value":{},"extra":{},"active":1},{"@attributes":{"id":561},"position":6,"title":"Ihre Nachricht  an uns!","type":"textarea","required":1,"value":{},"extra":{},"active":1},{"@attributes":{"id":562},"position":7,"title":"Auswahlliste, eine Mehrfachauswahl ist möglich","type":"heading","required":0,"value":{},"extra":"{TITLE}{FIELD}","active":1},{"@attributes":{"id":563},"position":8,"title":"Auswahlliste","type":"select","required":1,"value":"Auswahl 1,Auswahl 2,Auswahl 3,0","extra":"4,multiple","active":1},{"@attributes":{"id":564},"position":9,"title":"Kategorien","type":"heading","required":0,"value":{},"extra":"{TITLE}{FIELD}","active":1},{"@attributes":{"id":565},"position":10,"title":"Kontrollkästchen","type":"checkbox","required":0,"value":"Spanien Reise, Karibik Katalog, Urlaub auf Mallorca","extra":{},"active":1},{"@attributes":{"id":566},"position":11,"title":"Anfordern einer Info Broschüre","type":"heading","required":0,"value":{},"extra":"{TITLE}{FIELD}","active":1},{"@attributes":{"id":567},"position":12,"title":"Optionsfeld","type":"radio","required":0,"value":"Option 1,Option 2,Option 3","extra":{},"active":1}]}}