{"section_id":11,"page_id":11,"layout":"Vorlage_alle_Moeglichkeiten","description":"Description of the form…","fields":{"field":[{"@attributes":{"id":192},"position":1,"title":"Ihre Nachricht","type":"heading","required":0,"value":{},"extra":"\u003Cdiv class=\"w3-padding-0 w3-topbar w3-bottombar w3-large\"\u003E{TITLE}{FIELD}\u003C/div\u003E","active":1},{"@attributes":{"id":193},"position":2,"title":"Name","type":"textfield","required":0,"value":{},"extra":{},"active":1},{"@attributes":{"id":194},"position":3,"title":"Vorname","type":"textfield","required":0,"value":{},"extra":0,"active":1},{"@attributes":{"id":195},"position":4,"title":"Telefon","type":"textfield","required":0,"value":{},"extra":{},"active":1},{"@attributes":{"id":196},"position":5,"title":"E-Mail Adresse","type":"email","required":1,"value":{},"extra":{},"active":1},{"@attributes":{"id":197},"position":6,"title":"Ihre Nachricht  an uns!","type":"textarea","required":0,"value":{},"extra":{},"active":1},{"@attributes":{"id":198},"position":7,"title":"Wählen Sie aus der Auswahlliste, eine mehrfachauswahl ist möglich","type":"select","required":1,"value":"Auswahl 1,Auswahl 2,Auswahl 3,Auswahl 4,Auswahl 5,Auswahl 6,Auswahl 7","extra":"4,multiple","active":1},{"@attributes":{"id":199},"position":8,"title":"Kontrollkästchen","type":"checkbox","required":0,"value":"a,b,c","extra":{},"active":1},{"@attributes":{"id":200},"position":9,"title":"Optionsfeld","type":"radio","required":0,"value":"1,2,3","extra":{},"active":1}]}}