{"section_id":11,"page_id":11,"layout":"DE_FieldDivMap","description":"Description of the formâ€¦","fields":{"field":[{"@attributes":{"id":320},"position":1,"title":"Ihre Nachricht","type":"heading","required":0,"value":{},"extra":"\u003Cdiv class=\"w3-padding-0 w3-topbar w3-bottombar w3-large\"\u003E{TITLE}{FIELD}\u003C/div\u003E","active":1},{"@attributes":{"id":321},"position":2,"title":"Name","type":"textfield","required":0,"value":{},"extra":{},"active":1},{"@attributes":{"id":322},"position":3,"title":"Vorname","type":"textfield","required":0,"value":{},"extra":0,"active":1},{"@attributes":{"id":323},"position":4,"title":"Telefon","type":"textfield","required":0,"value":{},"extra":{},"active":1},{"@attributes":{"id":324},"position":5,"title":"E-Mail Adresse","type":"email","required":1,"value":{},"extra":{},"active":1},{"@attributes":{"id":325},"position":6,"title":"Ihre Nachricht  an uns!","type":"textarea","required":0,"value":{},"extra":{},"active":1}]}}