{"section_id":11,"page_id":11,"layout":"DE_FieldDivSubjext","description":"Description of the formâ€¦","fields":{"field":[{"@attributes":{"id":338},"position":1,"title":"Ihre Nachricht","type":"heading","required":0,"value":{},"extra":"\u003Cdiv class=\"w3-padding-0 w3-topbar w3-bottombar w3-large\"\u003E{TITLE}{FIELD}\u003C/div\u003E","active":1},{"@attributes":{"id":338},"position":1,"title":"Ihre Nachricht","type":"heading","required":0,"value":{},"extra":"\u003Cdiv class=\"w3-padding-0 w3-topbar w3-bottombar w3-large\"\u003E{TITLE}{FIELD}\u003C/div\u003E","active":1},{"@attributes":{"id":338},"position":1,"title":"Ihre Nachricht","type":"heading","required":0,"value":{},"extra":"\u003Cdiv class=\"w3-padding-0 w3-topbar w3-bottombar w3-large\"\u003E{TITLE}{FIELD}\u003C/div\u003E","active":1},{"@attributes":{"id":338},"position":1,"title":"Ihre Nachricht","type":"heading","required":0,"value":{},"extra":"\u003Cdiv class=\"w3-padding-0 w3-topbar w3-bottombar w3-large\"\u003E{TITLE}{FIELD}\u003C/div\u003E","active":1},{"@attributes":{"id":338},"position":1,"title":"Ihre Nachricht","type":"heading","required":0,"value":{},"extra":"\u003Cdiv class=\"w3-padding-0 w3-topbar w3-bottombar w3-large\"\u003E{TITLE}{FIELD}\u003C/div\u003E","active":1},{"@attributes":{"id":338},"position":1,"title":"Ihre Nachricht","type":"heading","required":0,"value":{},"extra":"\u003Cdiv class=\"w3-padding-0 w3-topbar w3-bottombar w3-large\"\u003E{TITLE}{FIELD}\u003C/div\u003E","active":1},{"@attributes":{"id":338},"position":1,"title":"Ihre Nachricht","type":"heading","required":0,"value":{},"extra":"\u003Cdiv class=\"w3-padding-0 w3-topbar w3-bottombar w3-large\"\u003E{TITLE}{FIELD}\u003C/div\u003E","active":1},{"@attributes":{"id":338},"position":1,"title":"Ihre Nachricht","type":"heading","required":0,"value":{},"extra":"\u003Cdiv class=\"w3-padding-0 w3-topbar w3-bottombar w3-large\"\u003E{TITLE}{FIELD}\u003C/div\u003E","active":1},{"@attributes":{"id":338},"position":1,"title":"Ihre Nachricht","type":"heading","required":0,"value":{},"extra":"\u003Cdiv class=\"w3-padding-0 w3-topbar w3-bottombar w3-large\"\u003E{TITLE}{FIELD}\u003C/div\u003E","active":1},{"@attributes":{"id":338},"position":1,"title":"Ihre Nachricht","type":"heading","required":0,"value":{},"extra":"\u003Cdiv class=\"w3-padding-0 w3-topbar w3-bottombar w3-large\"\u003E{TITLE}{FIELD}\u003C/div\u003E","active":1},{"@attributes":{"id":338},"position":1,"title":"Ihre Nachricht","type":"heading","required":0,"value":{},"extra":"\u003Cdiv class=\"w3-padding-0 w3-topbar w3-bottombar w3-large\"\u003E{TITLE}{FIELD}\u003C/div\u003E","active":1}]}}