{"section_id":19,"page_id":1,"layout":"EN_FieldDivMap","description":"Description of the Form can only use div layoutsâ€¦","fields":{"field":[{"@attributes":{"id":211},"position":1,"title":"Contact Us","type":"heading","required":0,"value":{},"extra":"\u003Cdiv class=\"w3-padding-0 w3-topbar w3-bottombar w3-large\"\u003E{TITLE}{FIELD}\u003C/div\u003E"},{"@attributes":{"id":212},"position":2,"title":"Last Name","type":"textfield","required":0,"value":{},"extra":{}},{"@attributes":{"id":213},"position":3,"title":"First Name","type":"textfield","required":0,"value":{},"extra":0},{"@attributes":{"id":214},"position":4,"title":"Phone","type":"textfield","required":0,"value":{},"extra":{}},{"@attributes":{"id":215},"position":5,"title":"E-Mail-Address","type":"email","required":1,"value":{},"extra":{}},{"@attributes":{"id":216},"position":6,"title":"Your Message","type":"textarea","required":0,"value":{},"extra":{}}]}}