{"section_id":11,"page_id":11,"layout":"Simple-DIV_Placeholder","description":"Beschreibung des Formulars…","fields":{"field":[{"@attributes":{"id":29},"position":1,"title":"Ihre Nachricht","type":"heading","required":0,"value":{},"extra":"\u003Cdiv class=\"w3-padding-0 w3-topbar w3-bottombar w3-large\"\u003E{TITLE}{FIELD}\u003C/div\u003E","active":1},{"@attributes":{"id":30},"position":2,"title":"Name","type":"textfield","required":0,"value":{},"extra":{},"active":1},{"@attributes":{"id":31},"position":3,"title":"Vorname","type":"textfield","required":0,"value":{},"extra":0,"active":1},{"@attributes":{"id":32},"position":4,"title":"Telefon","type":"textfield","required":0,"value":{},"extra":{},"active":1},{"@attributes":{"id":33},"position":5,"title":"E-Mail Adresse","type":"email","required":1,"value":{},"extra":{},"active":1},{"@attributes":{"id":34},"position":6,"title":"Ihre Nachricht  an uns!","type":"textarea","required":1,"value":{},"extra":{},"active":1},{"@attributes":{"id":39},"position":7,"title":"Auswahlliste, eine Mehrfachauswahl ist möglich","type":"heading","required":0,"value":{},"extra":"{TITLE}{FIELD}","active":1},{"@attributes":{"id":35},"position":8,"title":"Auswahlliste","type":"select","required":1,"value":"Auswahl 1,Auswahl 2,Auswahl 3,Auswahl 4,Auswahl 5,Auswahl 6,Auswahl 7","extra":"4,multiple","active":1},{"@attributes":{"id":38},"position":9,"title":"Kategorien","type":"heading","required":0,"value":{},"extra":"{TITLE}{FIELD}","active":1},{"@attributes":{"id":36},"position":10,"title":"Kontrollkästchen","type":"checkbox","required":0,"value":"Reise,Katalog,Urlaub","extra":{},"active":1},{"@attributes":{"id":40},"position":11,"title":"Anfordern einer Info Broschüre","type":"heading","required":0,"value":{},"extra":"{TITLE}{FIELD}","active":1},{"@attributes":{"id":37},"position":12,"title":"Optionsfeld","type":"radio","required":0,"value":"Option 1,Option 2,Option 3","extra":{},"active":1}]}}